// Jest Snapshot v1, https://goo.gl/fbAQLP

exports[`CounterButton Component should compare to previous snapshot when test run 1`] = `
<button
  color="red"
  id="counter"
  onClick={[Function]}
>
  Count: 
  0
</button>
`;
